============================= test session starts =============================
platform win32 -- Python 3.14.3, pytest-9.1.1, pluggy-1.6.0 -- C:\Python314\python.exe
cachedir: .pytest_cache
rootdir: C:\Users\DELL\Desktop\wiseup
plugins: anyio-4.12.1, langsmith-0.8.2
collecting ... collected 19 items

tests/test_agent_graph.py::test_graph_returns_final_answer_when_no_tool_calls PASSED [  5%]
tests/test_api.py::test_ask_returns_answer_and_products PASSED           [ 10%]
tests/test_build_index.py::test_describe_includes_name_and_code PASSED   [ 15%]
tests/test_build_index.py::test_clean_meta_keeps_new_schema_keys PASSED  [ 21%]
tests/test_email_tool.py::test_email_owner_happy_path PASSED             [ 26%]
tests/test_email_tool.py::test_email_owner_missing_contact_does_not_send PASSED [ 31%]
tests/test_email_tool.py::test_email_owner_single_item PASSED            [ 36%]
tests/test_email_tool.py::test_email_owner_unknown_items_sends_nothing PASSED [ 42%]
tests/test_ingest.py::test_is_product_accepts_real_row PASSED            [ 47%]
tests/test_ingest.py::test_is_product_rejects_header_and_blanks PASSED   [ 52%]
tests/test_retrieve_tool.py::test_retrieve_products_returns_command_with_cards PASSED [ 57%]
tests/test_setup.py::test_core_imports_available PASSED                  [ 63%]
tests/test_smoke_live.py::test_catalog_question_returns_products SKIPPED [ 68%]
tests/test_system_prompt.py::test_system_prompt_has_card_rules PASSED    [ 73%]
tests/test_system_prompt.py::test_system_prompt_has_lead_capture_rules PASSED [ 78%]
tests/test_system_prompt.py::test_system_prompt_mentions_jod_prices PASSED [ 84%]
tests/test_tool_helpers.py::test_to_card_maps_new_schema_and_image PASSED [ 89%]
tests/test_tool_helpers.py::test_lookup_products_returns_known_item PASSED [ 94%]
tests/test_web_tool.py::test_search_wiseup_web_formats_results PASSED    [100%]

============================== warnings summary ===============================
..\..\AppData\Roaming\Python\Python314\site-packages\langchain_core\utils\pydantic.py:41
  C:\Users\DELL\AppData\Roaming\Python\Python314\site-packages\langchain_core\utils\pydantic.py:41: UserWarning: Core Pydantic V1 functionality isn't compatible with Python 3.14 or greater.
    from pydantic.v1 import BaseModel as BaseModelV1

..\..\AppData\Roaming\Python\Python314\site-packages\chromadb\telemetry\opentelemetry\__init__.py:128
  C:\Users\DELL\AppData\Roaming\Python\Python314\site-packages\chromadb\telemetry\opentelemetry\__init__.py:128: DeprecationWarning: 'asyncio.iscoroutinefunction' is deprecated and slated for removal in Python 3.16; use inspect.iscoroutinefunction() instead
    if asyncio.iscoroutinefunction(f):

..\..\AppData\Roaming\Python\Python314\site-packages\starlette\_utils.py:39: 8 warnings
tests/test_api.py: 2 warnings
  C:\Users\DELL\AppData\Roaming\Python\Python314\site-packages\starlette\_utils.py:39: DeprecationWarning: 'asyncio.iscoroutinefunction' is deprecated and slated for removal in Python 3.16; use inspect.iscoroutinefunction() instead
    return asyncio.iscoroutinefunction(obj) or (callable(obj) and asyncio.iscoroutinefunction(obj.__call__))

..\..\AppData\Roaming\Python\Python314\site-packages\fastapi\routing.py:233
..\..\AppData\Roaming\Python\Python314\site-packages\fastapi\routing.py:233
..\..\AppData\Roaming\Python\Python314\site-packages\fastapi\routing.py:233
..\..\AppData\Roaming\Python\Python314\site-packages\fastapi\routing.py:233
  C:\Users\DELL\AppData\Roaming\Python\Python314\site-packages\fastapi\routing.py:233: DeprecationWarning: 'asyncio.iscoroutinefunction' is deprecated and slated for removal in Python 3.16; use inspect.iscoroutinefunction() instead
    is_coroutine = asyncio.iscoroutinefunction(dependant.call)

-- Docs: https://docs.pytest.org/en/stable/how-to/capture-warnings.html
================= 18 passed, 1 skipped, 16 warnings in 10.05s =================
